{
    "Should run without failures": {
        "content": [
            {
                "0": [
                    [
                        {
                            "empty": "test"
                        },
                        "mutations_per_Mb.tsv:md5,933d7a1a7a8a90a79f9bf3116338e237"
                    ]
                ],
                "tmb": [
                    [
                        {
                            "empty": "test"
                        },
                        "mutations_per_Mb.tsv:md5,933d7a1a7a8a90a79f9bf3116338e237"
                    ]
                ]
            }
        ],
        "meta": {
            "nf-test": "0.9.2",
            "nextflow": "25.10.2"
        },
        "timestamp": "2026-04-01T16:18:03.658684281"
    }
}