{
    "Should run without failures": {
        "content": [
            {
                "0": [
                    [
                        {
                            "sample_id": "PD54555a",
                            "caller": "caveman",
                            "filename": "TBC",
                            "vcfoutdir": "here"
                        },
                        "TBC.filt.vcf.gz:md5,fab19d63172d204a1acf2a87c6b55e00",
                        "TBC.filt.vcf.gz.tbi:md5,4f6a4e304a650f46eeab8da86a92cb15"
                    ]
                ]
            }
        ],
        "meta": {
            "nf-test": "0.8.4",
            "nextflow": "23.10.1"
        },
        "timestamp": "2024-09-18T11:05:48.711408"
    }
}