{
    "Should run without failures": {
        "content": [
            {
                "0": [
                    [
                        {
                            "sample_id": "example",
                            "caller": "pindel",
                            "filename": "TBC",
                            "vcfoutdir": "here"
                        },
                        "TBC.filt.snpflagged.vcf.gz:md5,95cded79cbd4be7e5d83ab90aeee55fc",
                        "TBC.filt.snpflagged.vcf.gz.tbi:md5,adac6ac92185f5781f2618f177d4613f"
                    ]
                ]
            }
        ],
        "meta": {
            "nf-test": "0.8.4",
            "nextflow": "23.10.1"
        },
        "timestamp": "2024-09-18T11:05:27.860332"
    }
}