{
    "Should run without failures": {
        "content": [
            {
                "0": [
                    [
                        {
                            "sample_id": "example",
                            "caller": [
                                [
                                    
                                ],
                                [
                                    "PD54556a.filt.vcf.gz:md5,559583bef8b1d45e9344bd5425ead8f2",
                                    "PD54556a.filt.vcf.gz.tbi:md5,92f669dd45f08475c5d2406a3cadb45d"
                                ],
                                [
                                    "PD54557a.filt.vcf.gz:md5,4192d1d2df211841f7530fb3ca41a008",
                                    "PD54557a.filt.vcf.gz.tbi:md5,385b895d8ab0006c171baada46948c84"
                                ],
                                [
                                    "PD54558a.filt.vcf.gz:md5,2eb7ac675ec6f08000445f2686596aad",
                                    "PD54558a.filt.vcf.gz.tbi:md5,80789a931734eee95362d423b121e5c6"
                                ]
                            ]
                        },
                        "example_pindel.snpflagged.vcf.gz:md5,5bb4d8a792903b84a4de54b901d8af95",
                        "example_pindel.snpflagged.vcf.gz.tbi:md5,7a9aa6fe1340f1cd52fc2cbd76e43882"
                    ]
                ]
            }
        ],
        "meta": {
            "nf-test": "0.8.4",
            "nextflow": "23.10.1"
        },
        "timestamp": "2024-06-18T12:09:34.006761"
    }
}