{
    "Should run without failures": {
        "content": [
            {
                "0": [
                    "example.maf.xlsx:md5,6ddebbbe80e15f0ce1a195476b9a2106"
                ]
            }
        ],
        "meta": {
            "nf-test": "0.8.4",
            "nextflow": "23.10.1"
        },
        "timestamp": "2024-07-27T15:43:01.034548"
    }
}