{
    "All-tumour process yields VCF with expected variants": {
        "content": [
            [
                [
                    {
                        "analysis_type": "all"
                    },
                    [
                        "keepPA_caveman_pindel_all.maf:md5,27ead7712a78226fcd2fcc052eaddbf0",
                        "keepPA_matched_caveman_pindel_all.maf:md5,27ead7712a78226fcd2fcc052eaddbf0",
                        "keepPA_vaf_filt_caveman_pindel_all.maf:md5,a6ccbcb5599c43860564d07318c6b62e",
                        "keepPA_vaf_filt_matched_caveman_pindel_all.maf:md5,a6ccbcb5599c43860564d07318c6b62e",
                        "keepPA_vaf_size_filt_caveman_pindel_all.maf:md5,b891f8bc56ce3742f040bd7556562712",
                        "keepPA_vaf_size_filt_matched_caveman_pindel_all.maf:md5,b891f8bc56ce3742f040bd7556562712",
                        "keep_caveman_pindel_all.maf:md5,ff247336f4883b489308d4a9b3e840f5",
                        "keep_matched_caveman_pindel_all.maf:md5,ff247336f4883b489308d4a9b3e840f5",
                        "keep_vaf_filt_caveman_pindel_all.maf:md5,437f94753b220cb6ef3a3281f7a2e298",
                        "keep_vaf_filt_matched_caveman_pindel_all.maf:md5,437f94753b220cb6ef3a3281f7a2e298",
                        "keep_vaf_size_filt_caveman_pindel_all.maf:md5,08ae83f003aac63c055a59f426b7c20c",
                        "keep_vaf_size_filt_matched_caveman_pindel_all.maf:md5,08ae83f003aac63c055a59f426b7c20c"
                    ]
                ],
                [
                    {
                        "analysis_type": "independent"
                    },
                    [
                        "keepPA_caveman_pindel_independent.maf:md5,27ead7712a78226fcd2fcc052eaddbf0",
                        "keepPA_matched_caveman_pindel_independent.maf:md5,27ead7712a78226fcd2fcc052eaddbf0",
                        "keepPA_vaf_filt_caveman_pindel_independent.maf:md5,a6ccbcb5599c43860564d07318c6b62e",
                        "keepPA_vaf_filt_matched_caveman_pindel_independent.maf:md5,a6ccbcb5599c43860564d07318c6b62e",
                        "keepPA_vaf_size_filt_caveman_pindel_independent.maf:md5,b891f8bc56ce3742f040bd7556562712",
                        "keepPA_vaf_size_filt_matched_caveman_pindel_independent.maf:md5,b891f8bc56ce3742f040bd7556562712",
                        "keep_caveman_pindel_independent.maf:md5,ff247336f4883b489308d4a9b3e840f5",
                        "keep_matched_caveman_pindel_independent.maf:md5,ff247336f4883b489308d4a9b3e840f5",
                        "keep_vaf_filt_caveman_pindel_independent.maf:md5,437f94753b220cb6ef3a3281f7a2e298",
                        "keep_vaf_filt_matched_caveman_pindel_independent.maf:md5,437f94753b220cb6ef3a3281f7a2e298",
                        "keep_vaf_size_filt_caveman_pindel_independent.maf:md5,08ae83f003aac63c055a59f426b7c20c",
                        "keep_vaf_size_filt_matched_caveman_pindel_independent.maf:md5,08ae83f003aac63c055a59f426b7c20c"
                    ]
                ],
                [
                    {
                        "analysis_type": "one_per_patient"
                    },
                    [
                        "keepPA_caveman_pindel_one_per_patient.maf:md5,2e0937ea72fefc48f54a6d879041a8c3",
                        "keepPA_matched_caveman_pindel_one_per_patient.maf:md5,2e0937ea72fefc48f54a6d879041a8c3",
                        "keepPA_vaf_filt_caveman_pindel_one_per_patient.maf:md5,2a942b6a5649c1b88e5a646033c9d090",
                        "keepPA_vaf_filt_matched_caveman_pindel_one_per_patient.maf:md5,2a942b6a5649c1b88e5a646033c9d090",
                        "keepPA_vaf_size_filt_caveman_pindel_one_per_patient.maf:md5,011597fbcd7668eadb0db5f19a839b35",
                        "keepPA_vaf_size_filt_matched_caveman_pindel_one_per_patient.maf:md5,011597fbcd7668eadb0db5f19a839b35",
                        "keep_caveman_pindel_one_per_patient.maf:md5,e69270fc12f3fc007feccddd7c85e46b",
                        "keep_matched_caveman_pindel_one_per_patient.maf:md5,e69270fc12f3fc007feccddd7c85e46b",
                        "keep_vaf_filt_caveman_pindel_one_per_patient.maf:md5,2ba085b1fe5eb6502dd79776dc8452b9",
                        "keep_vaf_filt_matched_caveman_pindel_one_per_patient.maf:md5,2ba085b1fe5eb6502dd79776dc8452b9",
                        "keep_vaf_size_filt_caveman_pindel_one_per_patient.maf:md5,851f197626b9fa385ace98af990c3c9a",
                        "keep_vaf_size_filt_matched_caveman_pindel_one_per_patient.maf:md5,851f197626b9fa385ace98af990c3c9a"
                    ]
                ]
            ]
        ],
        "meta": {
            "nf-test": "0.9.2",
            "nextflow": "24.10.5"
        },
        "timestamp": "2026-01-02T13:22:09.797272256"
    }
}